Archive member included to satisfy reference by file (symbol)

c:/ac6/systemworkbench/plugins/fr.ac6.mcu.externaltools.arm-none.win32_1.13.2.201705091103/tools/compiler/bin/../lib/gcc/arm-none-eabi/5.4.1/../../../../arm-none-eabi/lib/armv7e-m/fpu\libc_nano.a(lib_a-exit.o)
                              c:/ac6/systemworkbench/plugins/fr.ac6.mcu.externaltools.arm-none.win32_1.13.2.201705091103/tools/compiler/bin/../lib/gcc/arm-none-eabi/5.4.1/../../../../arm-none-eabi/lib/armv7e-m/fpu/crt0.o (exit)
c:/ac6/systemworkbench/plugins/fr.ac6.mcu.externaltools.arm-none.win32_1.13.2.201705091103/tools/compiler/bin/../lib/gcc/arm-none-eabi/5.4.1/../../../../arm-none-eabi/lib/armv7e-m/fpu\libc_nano.a(lib_a-impure.o)
                              c:/ac6/systemworkbench/plugins/fr.ac6.mcu.externaltools.arm-none.win32_1.13.2.201705091103/tools/compiler/bin/../lib/gcc/arm-none-eabi/5.4.1/../../../../arm-none-eabi/lib/armv7e-m/fpu\libc_nano.a(lib_a-exit.o) (_global_impure_ptr)
c:/ac6/systemworkbench/plugins/fr.ac6.mcu.externaltools.arm-none.win32_1.13.2.201705091103/tools/compiler/bin/../lib/gcc/arm-none-eabi/5.4.1/../../../../arm-none-eabi/lib/armv7e-m/fpu\libc_nano.a(lib_a-init.o)
                              c:/ac6/systemworkbench/plugins/fr.ac6.mcu.externaltools.arm-none.win32_1.13.2.201705091103/tools/compiler/bin/../lib/gcc/arm-none-eabi/5.4.1/../../../../arm-none-eabi/lib/armv7e-m/fpu/crt0.o (__libc_init_array)
c:/ac6/systemworkbench/plugins/fr.ac6.mcu.externaltools.arm-none.win32_1.13.2.201705091103/tools/compiler/bin/../lib/gcc/arm-none-eabi/5.4.1/../../../../arm-none-eabi/lib/armv7e-m/fpu\libc_nano.a(lib_a-malloc.o)
                              Src/USART.o (malloc)
c:/ac6/systemworkbench/plugins/fr.ac6.mcu.externaltools.arm-none.win32_1.13.2.201705091103/tools/compiler/bin/../lib/gcc/arm-none-eabi/5.4.1/../../../../arm-none-eabi/lib/armv7e-m/fpu\libc_nano.a(lib_a-memset.o)
                              c:/ac6/systemworkbench/plugins/fr.ac6.mcu.externaltools.arm-none.win32_1.13.2.201705091103/tools/compiler/bin/../lib/gcc/arm-none-eabi/5.4.1/../../../../arm-none-eabi/lib/armv7e-m/fpu/crt0.o (memset)
c:/ac6/systemworkbench/plugins/fr.ac6.mcu.externaltools.arm-none.win32_1.13.2.201705091103/tools/compiler/bin/../lib/gcc/arm-none-eabi/5.4.1/../../../../arm-none-eabi/lib/armv7e-m/fpu\libc_nano.a(lib_a-nano-freer.o)
                              c:/ac6/systemworkbench/plugins/fr.ac6.mcu.externaltools.arm-none.win32_1.13.2.201705091103/tools/compiler/bin/../lib/gcc/arm-none-eabi/5.4.1/../../../../arm-none-eabi/lib/armv7e-m/fpu\libc_nano.a(lib_a-malloc.o) (_free_r)
c:/ac6/systemworkbench/plugins/fr.ac6.mcu.externaltools.arm-none.win32_1.13.2.201705091103/tools/compiler/bin/../lib/gcc/arm-none-eabi/5.4.1/../../../../arm-none-eabi/lib/armv7e-m/fpu\libc_nano.a(lib_a-nano-mallocr.o)
                              c:/ac6/systemworkbench/plugins/fr.ac6.mcu.externaltools.arm-none.win32_1.13.2.201705091103/tools/compiler/bin/../lib/gcc/arm-none-eabi/5.4.1/../../../../arm-none-eabi/lib/armv7e-m/fpu\libc_nano.a(lib_a-malloc.o) (_malloc_r)
c:/ac6/systemworkbench/plugins/fr.ac6.mcu.externaltools.arm-none.win32_1.13.2.201705091103/tools/compiler/bin/../lib/gcc/arm-none-eabi/5.4.1/../../../../arm-none-eabi/lib/armv7e-m/fpu\libc_nano.a(lib_a-sbrkr.o)
                              c:/ac6/systemworkbench/plugins/fr.ac6.mcu.externaltools.arm-none.win32_1.13.2.201705091103/tools/compiler/bin/../lib/gcc/arm-none-eabi/5.4.1/../../../../arm-none-eabi/lib/armv7e-m/fpu\libc_nano.a(lib_a-nano-mallocr.o) (_sbrk_r)
c:/ac6/systemworkbench/plugins/fr.ac6.mcu.externaltools.arm-none.win32_1.13.2.201705091103/tools/compiler/bin/../lib/gcc/arm-none-eabi/5.4.1/../../../../arm-none-eabi/lib/armv7e-m/fpu\libc_nano.a(lib_a-strcpy.o)
                              Src/Flash.o (strcpy)
c:/ac6/systemworkbench/plugins/fr.ac6.mcu.externaltools.arm-none.win32_1.13.2.201705091103/tools/compiler/bin/../lib/gcc/arm-none-eabi/5.4.1/../../../../arm-none-eabi/lib/armv7e-m/fpu\libc_nano.a(lib_a-vasnprintf.o)
                              Src/USART.o (vasnprintf)
c:/ac6/systemworkbench/plugins/fr.ac6.mcu.externaltools.arm-none.win32_1.13.2.201705091103/tools/compiler/bin/../lib/gcc/arm-none-eabi/5.4.1/../../../../arm-none-eabi/lib/armv7e-m/fpu\libc_nano.a(lib_a-vsnprintf.o)
                              Src/USART.o (vsnprintf)
c:/ac6/systemworkbench/plugins/fr.ac6.mcu.externaltools.arm-none.win32_1.13.2.201705091103/tools/compiler/bin/../lib/gcc/arm-none-eabi/5.4.1/../../../../arm-none-eabi/lib/armv7e-m/fpu\libc_nano.a(lib_a-mlock.o)
                              c:/ac6/systemworkbench/plugins/fr.ac6.mcu.externaltools.arm-none.win32_1.13.2.201705091103/tools/compiler/bin/../lib/gcc/arm-none-eabi/5.4.1/../../../../arm-none-eabi/lib/armv7e-m/fpu\libc_nano.a(lib_a-nano-freer.o) (__malloc_lock)
[...]
Memory Configuration

Name             Origin             Length             Attributes
RAM              0x20000000         0x00030000         xrw
CCMRAM           0x10000000         0x00010000         rw
FLASH            0x08000000         0x00200000         xr
*default*        0x00000000         0xffffffff

Linker script and memory map

LOAD c:/ac6/systemworkbench/plugins/fr.ac6.mcu.externaltools.arm-none.win32_1.13.2.201705091103/tools/compiler/bin/../lib/gcc/arm-none-eabi/5.4.1/armv7e-m/fpu/crti.o
LOAD c:/ac6/systemworkbench/plugins/fr.ac6.mcu.externaltools.arm-none.win32_1.13.2.201705091103/tools/compiler/bin/../lib/gcc/arm-none-eabi/5.4.1/armv7e-m/fpu/crtbegin.o
LOAD c:/ac6/systemworkbench/plugins/fr.ac6.mcu.externaltools.arm-none.win32_1.13.2.201705091103/tools/compiler/bin/../lib/gcc/arm-none-eabi/5.4.1/../../../../arm-none-eabi/lib/armv7e-m/fpu/crt0.o
LOAD Drivers/STM32F4xx_HAL_Driver/Src/stm32f4xx_hal.o
LOAD Drivers/STM32F4xx_HAL_Driver/Src/stm32f4xx_hal_cortex.o
LOAD Drivers/STM32F4xx_HAL_Driver/Src/stm32f4xx_hal_dma.o
LOAD Drivers/STM32F4xx_HAL_Driver/Src/stm32f4xx_hal_dma_ex.o
LOAD Drivers/STM32F4xx_HAL_Driver/Src/stm32f4xx_hal_flash.o
LOAD Drivers/STM32F4xx_HAL_Driver/Src/stm32f4xx_hal_flash_ex.o
LOAD Drivers/STM32F4xx_HAL_Driver/Src/stm32f4xx_hal_flash_ramfunc.o
LOAD Drivers/STM32F4xx_HAL_Driver/Src/stm32f4xx_hal_gpio.o
LOAD Drivers/STM32F4xx_HAL_Driver/Src/stm32f4xx_hal_pwr.o
LOAD Drivers/STM32F4xx_HAL_Driver/Src/stm32f4xx_hal_pwr_ex.o
LOAD Drivers/STM32F4xx_HAL_Driver/Src/stm32f4xx_hal_rcc.o
LOAD Drivers/STM32F4xx_HAL_Driver/Src/stm32f4xx_hal_rcc_ex.o
LOAD Drivers/STM32F4xx_HAL_Driver/Src/stm32f4xx_hal_tim.o
LOAD Drivers/STM32F4xx_HAL_Driver/Src/stm32f4xx_hal_tim_ex.o
LOAD Src/DMA.o
LOAD Src/Flash.o
LOAD Src/GPIO.o
LOAD Src/I2C.o
LOAD Src/Rcc.o
LOAD Src/Rng.o
LOAD Src/Timer.o
LOAD Src/USART.o
LOAD Src/main.o
LOAD Src/stm32f4xx_hal_msp.o
LOAD Src/stm32f4xx_it.o
LOAD Src/system_stm32f4xx.o
LOAD startup/startup_stm32f429xx.o
LOAD c:/ac6/systemworkbench/plugins/fr.ac6.mcu.externaltools.arm-none.win32_1.13.2.201705091103/tools/compiler/bin/../lib/gcc/arm-none-eabi/5.4.1/../../../../arm-none-eabi/lib/armv7e-m/fpu\libm.a
START GROUP
LOAD c:/ac6/systemworkbench/plugins/fr.ac6.mcu.externaltools.arm-none.win32_1.13.2.201705091103/tools/compiler/bin/../lib/gcc/arm-none-eabi/5.4.1/armv7e-m/fpu\libgcc.a
LOAD c:/ac6/systemworkbench/plugins/fr.ac6.mcu.externaltools.arm-none.win32_1.13.2.201705091103/tools/compiler/bin/../lib/gcc/arm-none-eabi/5.4.1/../../../../arm-none-eabi/lib/armv7e-m/fpu\libc_nano.a
END GROUP
START GROUP
LOAD c:/ac6/systemworkbench/plugins/fr.ac6.mcu.externaltools.arm-none.win32_1.13.2.201705091103/tools/compiler/bin/../lib/gcc/arm-none-eabi/5.4.1/armv7e-m/fpu\libgcc.a
LOAD c:/ac6/systemworkbench/plugins/fr.ac6.mcu.externaltools.arm-none.win32_1.13.2.201705091103/tools/compiler/bin/../lib/gcc/arm-none-eabi/5.4.1/../../../../arm-none-eabi/lib/armv7e-m/fpu\libc_nano.a
LOAD c:/ac6/systemworkbench/plugins/fr.ac6.mcu.externaltools.arm-none.win32_1.13.2.201705091103/tools/compiler/bin/../lib/gcc/arm-none-eabi/5.4.1/../../../../arm-none-eabi/lib/armv7e-m/fpu\libnosys.a
END GROUP
START GROUP
LOAD c:/ac6/systemworkbench/plugins/fr.ac6.mcu.externaltools.arm-none.win32_1.13.2.201705091103/tools/compiler/bin/../lib/gcc/arm-none-eabi/5.4.1/armv7e-m/fpu\libgcc.a
LOAD c:/ac6/systemworkbench/plugins/fr.ac6.mcu.externaltools.arm-none.win32_1.13.2.201705091103/tools/compiler/bin/../lib/gcc/arm-none-eabi/5.4.1/../../../../arm-none-eabi/lib/armv7e-m/fpu\libc_nano.a
LOAD c:/ac6/systemworkbench/plugins/fr.ac6.mcu.externaltools.arm-none.win32_1.13.2.201705091103/tools/compiler/bin/../lib/gcc/arm-none-eabi/5.4.1/../../../../arm-none-eabi/lib/armv7e-m/fpu\libnosys.a
END GROUP
LOAD c:/ac6/systemworkbench/plugins/fr.ac6.mcu.externaltools.arm-none.win32_1.13.2.201705091103/tools/compiler/bin/../lib/gcc/arm-none-eabi/5.4.1/armv7e-m/fpu/crtend.o
LOAD c:/ac6/systemworkbench/plugins/fr.ac6.mcu.externaltools.arm-none.win32_1.13.2.201705091103/tools/compiler/bin/../lib/gcc/arm-none-eabi/5.4.1/armv7e-m/fpu/crtn.o
                0x20030000                _estack = 0x20030000
                0x00000200                _Min_Heap_Size = 0x200
                0x00000400                _Min_Stack_Size = 0x400

.isr_vector     0x08000000      0x1ac
                0x08000000                . = ALIGN (0x4)
 *(.isr_vector)
 .isr_vector    0x08000000      0x1ac startup/startup_stm32f429xx.o
                0x08000000                g_pfnVectors
                0x080001ac                . = ALIGN (0x4)

.text           0x080001ac      0xd24
                0x080001ac                . = ALIGN (0x4)
 *(.text)
 .text          0x080001ac       0x5c c:/ac6/systemworkbench/plugins/fr.ac6.mcu.externaltools.arm-none.win32_1.13.2.201705091103/tools/compiler/bin/../lib/gcc/arm-none-eabi/5.4.1/armv7e-m/fpu/crtbegin.o
 *(.text*)
 .text.HAL_InitTick
                0x08000208       0x2c Drivers/STM32F4xx_HAL_Driver/Src/stm32f4xx_hal.o
                0x08000208                HAL_InitTick
 .text.HAL_Init
                0x08000234       0x34 Drivers/STM32F4xx_HAL_Driver/Src/stm32f4xx_hal.o
                0x08000234                HAL_Init
 .text.HAL_IncTick
                0x08000268       0x10 Drivers/STM32F4xx_HAL_Driver/Src/stm32f4xx_hal.o
                0x08000268                HAL_IncTick
 .text.HAL_GetTick
                0x08000278        0xc Drivers/STM32F4xx_HAL_Driver/Src/stm32f4xx_hal.o
                0x08000278                HAL_GetTick
 .text.HAL_NVIC_SetPriorityGrouping
                0x08000284       0x24 Drivers/STM32F4xx_HAL_Driver/Src/stm32f4xx_hal_cortex.o
                0x08000284                HAL_NVIC_SetPriorityGrouping
 .text.HAL_NVIC_SetPriority
                0x080002a8       0x64 Drivers/STM32F4xx_HAL_Driver/Src/stm32f4xx_hal_cortex.o
                0x080002a8                HAL_NVIC_SetPriority
 .text.HAL_SYSTICK_Config
                0x0800030c       0x2c Drivers/STM32F4xx_HAL_Driver/Src/stm32f4xx_hal_cortex.o
                0x0800030c                HAL_SYSTICK_Config
 .text.HAL_SYSTICK_CLKSourceConfig
                0x08000338       0x20 Drivers/STM32F4xx_HAL_Driver/Src/stm32f4xx_hal_cortex.o
                0x08000338                HAL_SYSTICK_CLKSourceConfig
 .text.HAL_SYSTICK_Callback
                0x08000358        0x4 Drivers/STM32F4xx_HAL_Driver/Src/stm32f4xx_hal_cortex.o
                0x08000358                HAL_SYSTICK_Callback
 .text.HAL_SYSTICK_IRQHandler
                0x0800035c        0x8 Drivers/STM32F4xx_HAL_Driver/Src/stm32f4xx_hal_cortex.o
                0x0800035c                HAL_SYSTICK_IRQHandler
 .text.HAL_PWREx_EnableOverDrive
                0x08000364       0xa4 Drivers/STM32F4xx_HAL_Driver/Src/stm32f4xx_hal_pwr_ex.o
                0x08000364                HAL_PWREx_EnableOverDrive
 .text.HAL_RCC_OscConfig
                0x08000408      0x3c8 Drivers/STM32F4xx_HAL_Driver/Src/stm32f4xx_hal_rcc.o
                0x08000408                HAL_RCC_OscConfig
 .text.HAL_RCC_GetSysClockFreq
                0x080007d0       0xa4 Drivers/STM32F4xx_HAL_Driver/Src/stm32f4xx_hal_rcc.o
                0x080007d0                HAL_RCC_GetSysClockFreq
 .text.HAL_RCC_ClockConfig
                0x08000874      0x1b0 Drivers/STM32F4xx_HAL_Driver/Src/stm32f4xx_hal_rcc.o
                0x08000874                HAL_RCC_ClockConfig
 .text.HAL_RCC_GetHCLKFreq
                0x08000a24        0xc Drivers/STM32F4xx_HAL_Driver/Src/stm32f4xx_hal_rcc.o
                0x08000a24                HAL_RCC_GetHCLKFreq
 .text.DmainitForTimer8
                0x08000a30       0x24 Src/DMA.o
                0x08000a30                DmainitForTimer8
 .text.DmasetAddressesAndSize
                0x08000a54       0x18 Src/DMA.o
                0x08000a54                DmasetAddressesAndSize
 .text.gpioConfig
                0x08000a6c       0x54 Src/GPIO.o
                0x08000a6c                gpioConfig
 .text.gpioConfigAltFuncNum
                0x08000ac0       0x24 Src/GPIO.o
                0x08000ac0                gpioConfigAltFuncNum
 .text.enableDMA
                0x08000ae4       0x20 Src/Rcc.o
                0x08000ae4                enableDMA
 .text.initTimer8Channel1
                0x08000b04       0x84 Src/Timer.o
                0x08000b04                initTimer8Channel1
 .text.enableDMAforTimer8
                0x08000b88       0x10 Src/Timer.o
                0x08000b88                enableDMAforTimer8
 .text.forceOutCompareChannel1High
                0x08000b98       0x18 Src/Timer.o
                0x08000b98                forceOutCompareChannel1High
 .text.MX_GPIO_Init
                0x08000bb0       0x38 Src/main.o
 .text.EXTI0_IRQHandler
                0x08000be8       0x1c Src/main.o
                0x08000be8                EXTI0_IRQHandler
 .text.HASH_RNG_IRQHandler
                0x08000c04       0x10 Src/main.o
                0x08000c04                HASH_RNG_IRQHandler
 .text._Error_Handler
                0x08000c14        0x4 Src/main.o
                0x08000c14                _Error_Handler
 .text.SystemClock_Config
                0x08000c18       0xd4 Src/main.o
                0x08000c18                SystemClock_Config
 .text.main     0x08000cec       0x54 Src/main.o
                0x08000cec                main
 .text.HAL_MspInit
                0x08000d40       0x60 Src/stm32f4xx_hal_msp.o
                0x08000d40                HAL_MspInit
 .text.NMI_Handler
                0x08000da0        0x4 Src/stm32f4xx_it.o
                0x08000da0                NMI_Handler
 .text.HardFault_Handler
                0x08000da4        0x4 Src/stm32f4xx_it.o
                0x08000da4                HardFault_Handler
 .text.MemManage_Handler
                0x08000da8        0x4 Src/stm32f4xx_it.o
                0x08000da8                MemManage_Handler
 .text.BusFault_Handler
                0x08000dac        0x4 Src/stm32f4xx_it.o
                0x08000dac                BusFault_Handler
 .text.UsageFault_Handler
                0x08000db0        0x4 Src/stm32f4xx_it.o
                0x08000db0                UsageFault_Handler
 .text.SVC_Handler
                0x08000db4        0x4 Src/stm32f4xx_it.o
                0x08000db4                SVC_Handler
 .text.DebugMon_Handler
                0x08000db8        0x4 Src/stm32f4xx_it.o
                0x08000db8                DebugMon_Handler
 .text.PendSV_Handler
                0x08000dbc        0x4 Src/stm32f4xx_it.o
                0x08000dbc                PendSV_Handler
 .text.SysTick_Handler
                0x08000dc0        0xc Src/stm32f4xx_it.o
                0x08000dc0                SysTick_Handler
 .text.SystemInit
                0x08000dcc       0x4c Src/system_stm32f4xx.o
                0x08000dcc                SystemInit
 .text.Reset_Handler
                0x08000e18       0x50 startup/startup_stm32f429xx.o
                0x08000e18                Reset_Handler
 .text.Default_Handler
                0x08000e68        0x2 startup/startup_stm32f429xx.o
                0x08000e68                RTC_Alarm_IRQHandler
                0x08000e68                EXTI2_IRQHandler
                0x08000e68                TIM8_CC_IRQHandler
                0x08000e68                UART8_IRQHandler
                0x08000e68                SPI4_IRQHandler
                0x08000e68                TIM1_CC_IRQHandler
                0x08000e68                DMA2_Stream5_IRQHandler
                0x08000e68                DMA1_Stream5_IRQHandler
                0x08000e68                PVD_IRQHandler
                0x08000e68                SDIO_IRQHandler
                0x08000e68                TAMP_STAMP_IRQHandler
                0x08000e68                CAN2_RX1_IRQHandler
                0x08000e68                EXTI3_IRQHandler
                0x08000e68                TIM8_TRG_COM_TIM14_IRQHandler
                0x08000e68                TIM1_UP_TIM10_IRQHandler
                0x08000e68                TIM8_UP_TIM13_IRQHandler
                0x08000e68                I2C3_ER_IRQHandler
                0x08000e68                I2C2_EV_IRQHandler
                0x08000e68                DMA1_Stream2_IRQHandler
                0x08000e68                CAN1_RX0_IRQHandler
                0x08000e68                FPU_IRQHandler
                0x08000e68                OTG_HS_WKUP_IRQHandler
                0x08000e68                LTDC_ER_IRQHandler
                0x08000e68                CAN2_SCE_IRQHandler
                0x08000e68                DMA2_Stream2_IRQHandler
                0x08000e68                SPI1_IRQHandler
                0x08000e68                TIM6_DAC_IRQHandler
                0x08000e68                TIM1_BRK_TIM9_IRQHandler
                0x08000e68                DCMI_IRQHandler
                0x08000e68                CAN2_RX0_IRQHandler
                0x08000e68                DMA2_Stream3_IRQHandler
                0x08000e68                USART6_IRQHandler
                0x08000e68                USART3_IRQHandler
                0x08000e68                CAN1_RX1_IRQHandler
                0x08000e68                UART5_IRQHandler
                0x08000e68                DMA2_Stream0_IRQHandler
                0x08000e68                TIM4_IRQHandler
                0x08000e68                I2C1_EV_IRQHandler
                0x08000e68                DMA1_Stream6_IRQHandler
                0x08000e68                DMA1_Stream1_IRQHandler
                0x08000e68                UART4_IRQHandler
                0x08000e68                TIM3_IRQHandler
                0x08000e68                RCC_IRQHandler
                0x08000e68                TIM8_BRK_TIM12_IRQHandler
                0x08000e68                Default_Handler
                0x08000e68                EXTI15_10_IRQHandler
                0x08000e68                ADC_IRQHandler
                0x08000e68                DMA1_Stream7_IRQHandler
                0x08000e68                SPI5_IRQHandler
                0x08000e68                TIM7_IRQHandler
                0x08000e68                CAN2_TX_IRQHandler
                0x08000e68                TIM5_IRQHandler
                0x08000e68                DMA2_Stream7_IRQHandler
                0x08000e68                I2C3_EV_IRQHandler
                0x08000e68                EXTI9_5_IRQHandler
                0x08000e68                RTC_WKUP_IRQHandler
                0x08000e68                LTDC_IRQHandler
                0x08000e68                ETH_WKUP_IRQHandler
                0x08000e68                SPI2_IRQHandler
                0x08000e68                OTG_HS_EP1_IN_IRQHandler
                0x08000e68                DMA1_Stream0_IRQHandler
                0x08000e68                CAN1_TX_IRQHandler
                0x08000e68                EXTI4_IRQHandler
                0x08000e68                ETH_IRQHandler
                0x08000e68                OTG_HS_EP1_OUT_IRQHandler
                0x08000e68                WWDG_IRQHandler
                0x08000e68                SPI6_IRQHandler
                0x08000e68                TIM2_IRQHandler
                0x08000e68                OTG_FS_WKUP_IRQHandler
                0x08000e68                TIM1_TRG_COM_TIM11_IRQHandler
                0x08000e68                OTG_HS_IRQHandler
                0x08000e68                DMA2D_IRQHandler
                0x08000e68                EXTI1_IRQHandler
                0x08000e68                UART7_IRQHandler
                0x08000e68                USART2_IRQHandler
                0x08000e68                I2C2_ER_IRQHandler
                0x08000e68                DMA2_Stream1_IRQHandler
                0x08000e68                CAN1_SCE_IRQHandler
                0x08000e68                FLASH_IRQHandler
                0x08000e68                DMA2_Stream4_IRQHandler
                0x08000e68                USART1_IRQHandler
                0x08000e68                OTG_FS_IRQHandler
                0x08000e68                SPI3_IRQHandler
                0x08000e68                DMA1_Stream4_IRQHandler
                0x08000e68                I2C1_ER_IRQHandler
                0x08000e68                FMC_IRQHandler
                0x08000e68                DMA2_Stream6_IRQHandler
                0x08000e68                SAI1_IRQHandler
                0x08000e68                DMA1_Stream3_IRQHandler
 *fill*         0x08000e6a        0x2 
 .text.__libc_init_array
                0x08000e6c       0x4c c:/ac6/systemworkbench/plugins/fr.ac6.mcu.externaltools.arm-none.win32_1.13.2.201705091103/tools/compiler/bin/../lib/gcc/arm-none-eabi/5.4.1/../../../../arm-none-eabi/lib/armv7e-m/fpu\libc_nano.a(lib_a-init.o)
                0x08000e6c                __libc_init_array
 *(.glue_7)
 .glue_7        0x08000eb8        0x0 linker stubs
 *(.glue_7t)
 .glue_7t       0x08000eb8        0x0 linker stubs
 *(.eh_frame)
 .eh_frame      0x08000eb8        0x0 c:/ac6/systemworkbench/plugins/fr.ac6.mcu.externaltools.arm-none.win32_1.13.2.201705091103/tools/compiler/bin/../lib/gcc/arm-none-eabi/5.4.1/armv7e-m/fpu/crtbegin.o
 *(.init)
 .init          0x08000eb8        0x4 c:/ac6/systemworkbench/plugins/fr.ac6.mcu.externaltools.arm-none.win32_1.13.2.201705091103/tools/compiler/bin/../lib/gcc/arm-none-eabi/5.4.1/armv7e-m/fpu/crti.o
                0x08000eb8                _init
 .init          0x08000ebc        0x8 c:/ac6/systemworkbench/plugins/fr.ac6.mcu.externaltools.arm-none.win32_1.13.2.201705091103/tools/compiler/bin/../lib/gcc/arm-none-eabi/5.4.1/armv7e-m/fpu/crtn.o
 *(.fini)
 .fini          0x08000ec4        0x4 c:/ac6/systemworkbench/plugins/fr.ac6.mcu.externaltools.arm-none.win32_1.13.2.201705091103/tools/compiler/bin/../lib/gcc/arm-none-eabi/5.4.1/armv7e-m/fpu/crti.o
                0x08000ec4                _fini
 .fini          0x08000ec8        0x8 c:/ac6/systemworkbench/plugins/fr.ac6.mcu.externaltools.arm-none.win32_1.13.2.201705091103/tools/compiler/bin/../lib/gcc/arm-none-eabi/5.4.1/armv7e-m/fpu/crtn.o
                0x08000ed0                . = ALIGN (0x4)
                0x08000ed0                _etext = .

.vfp11_veneer   0x08000ed0        0x0
 .vfp11_veneer  0x08000ed0        0x0 linker stubs

.v4_bx          0x08000ed0        0x0
 .v4_bx         0x08000ed0        0x0 linker stubs

.iplt           0x08000ed0        0x0
 .iplt          0x08000ed0        0x0 c:/ac6/systemworkbench/plugins/fr.ac6.mcu.externaltools.arm-none.win32_1.13.2.201705091103/tools/compiler/bin/../lib/gcc/arm-none-eabi/5.4.1/armv7e-m/fpu/crtbegin.o

.rodata         0x08000ed0       0x28
                0x08000ed0                . = ALIGN (0x4)
 *(.rodata)
 .rodata        0x08000ed0       0x18 Src/system_stm32f4xx.o
                0x08000ed0                AHBPrescTable
                0x08000ee0                APBPrescTable
 *(.rodata*)
 .rodata.str1.4
                0x08000ee8       0x10 Src/main.o
                                  0xe (size before relaxing)
                0x08000ef8                . = ALIGN (0x4)

.rel.dyn        0x08000ef8        0x0
 .rel.iplt      0x08000ef8        0x0 c:/ac6/systemworkbench/plugins/fr.ac6.mcu.externaltools.arm-none.win32_1.13.2.201705091103/tools/compiler/bin/../lib/gcc/arm-none-eabi/5.4.1/armv7e-m/fpu/crtbegin.o

.ARM.extab
 *(.ARM.extab* .gnu.linkonce.armextab.*)

.ARM            0x08000ef8        0x0
                0x08000ef8                __exidx_start = .
 *(.ARM.exidx*)
                0x08000ef8                __exidx_end = .

.preinit_array  0x08000ef8        0x0
                0x08000ef8                PROVIDE (__preinit_array_start, .)
 *(.preinit_array*)
                0x08000ef8                PROVIDE (__preinit_array_end, .)

.init_array     0x08000ef8        0x4
                0x08000ef8                PROVIDE (__init_array_start, .)
 *(SORT(.init_array.*))
 *(.init_array*)
 .init_array    0x08000ef8        0x4 c:/ac6/systemworkbench/plugins/fr.ac6.mcu.externaltools.arm-none.win32_1.13.2.201705091103/tools/compiler/bin/../lib/gcc/arm-none-eabi/5.4.1/armv7e-m/fpu/crtbegin.o
                0x08000efc                PROVIDE (__init_array_end, .)

.fini_array     0x08000efc        0x4
                [!provide]                PROVIDE (__fini_array_start, .)
 *(SORT(.fini_array.*))
 *(.fini_array*)
 .fini_array    0x08000efc        0x4 c:/ac6/systemworkbench/plugins/fr.ac6.mcu.externaltools.arm-none.win32_1.13.2.201705091103/tools/compiler/bin/../lib/gcc/arm-none-eabi/5.4.1/armv7e-m/fpu/crtbegin.o
                [!provide]                PROVIDE (__fini_array_end, .)
                0x08000f00                _sidata = LOADADDR (.data)

.data           0x20000000       0x18 load address 0x08000f00
                0x20000000                . = ALIGN (0x4)
                0x20000000                _sdata = .
 *(.data)
 .data          0x20000000        0x8 Src/Rcc.o
                0x20000000                rccAhb1Rst
                0x20000004                rccAhb1En
 .data          0x20000008        0xa Src/main.o
                0x20000008                timeWaveform
 *fill*         0x20000012        0x2 
 .data          0x20000014        0x4 Src/system_stm32f4xx.o
                0x20000014                SystemCoreClock
 *(.data*)
                0x20000018                . = ALIGN (0x4)
                0x20000018                _edata = .
                0x08000f18                _siccmram = LOADADDR (.ccmram)

.jcr            0x20000018        0x0 load address 0x08000f18
 .jcr           0x20000018        0x0 c:/ac6/systemworkbench/plugins/fr.ac6.mcu.externaltools.arm-none.win32_1.13.2.201705091103/tools/compiler/bin/../lib/gcc/arm-none-eabi/5.4.1/armv7e-m/fpu/crtbegin.o

.igot.plt       0x20000018        0x0 load address 0x08000f18
 .igot.plt      0x20000018        0x0 c:/ac6/systemworkbench/plugins/fr.ac6.mcu.externaltools.arm-none.win32_1.13.2.201705091103/tools/compiler/bin/../lib/gcc/arm-none-eabi/5.4.1/armv7e-m/fpu/crtbegin.o

.ccmram         0x10000000        0x0 load address 0x08000f18
                0x10000000                . = ALIGN (0x4)
                0x10000000                _sccmram = .
 *(.ccmram)
 *(.ccmram*)
                0x10000000                . = ALIGN (0x4)
                0x10000000                _eccmram = .
                0x10000000                . = ALIGN (0x4)

.bss            0x20000018       0x28
                0x20000018                _sbss = .
                0x20000018                __bss_start__ = _sbss
 *(.bss)
 .bss           0x20000018       0x1c c:/ac6/systemworkbench/plugins/fr.ac6.mcu.externaltools.arm-none.win32_1.13.2.201705091103/tools/compiler/bin/../lib/gcc/arm-none-eabi/5.4.1/armv7e-m/fpu/crtbegin.o
 .bss           0x20000034        0x8 Src/main.o
 *(.bss*)
 *(COMMON)
 COMMON         0x2000003c        0x4 Drivers/STM32F4xx_HAL_Driver/Src/stm32f4xx_hal.o
                0x2000003c                uwTick
                0x20000040                . = ALIGN (0x4)
                0x20000040                _ebss = .
                0x20000040                __bss_end__ = _ebss

._user_heap_stack
                0x20000040      0x600
                0x20000040                . = ALIGN (0x8)
                0x20000040                PROVIDE (end, .)
                [!provide]                PROVIDE (_end, .)
                0x20000240                . = (. + _Min_Heap_Size)
 *fill*         0x20000040      0x200 
                0x20000640                . = (. + _Min_Stack_Size)
 *fill*         0x20000240      0x400 
                0x20000640                . = ALIGN (0x8)

/DISCARD/
 libc.a(*)
 libm.a(*)
 libgcc.a(*)

.ARM.attributes
                0x00000000       0x30
 *(.ARM.attributes)
 .ARM.attributes
                0x00000000       0x22 c:/ac6/systemworkbench/plugins/fr.ac6.mcu.externaltools.arm-none.win32_1.13.2.201705091103/tools/compiler/bin/../lib/gcc/arm-none-eabi/5.4.1/armv7e-m/fpu/crti.o
 .ARM.attributes
                0x00000022       0x34 c:/ac6/systemworkbench/plugins/fr.ac6.mcu.externaltools.arm-none.win32_1.13.2.201705091103/tools/compiler/bin/../lib/gcc/arm-none-eabi/5.4.1/armv7e-m/fpu/crtbegin.o
 .ARM.attributes
                0x00000056       0x39 Drivers/STM32F4xx_HAL_Driver/Src/stm32f4xx_hal.o
 .ARM.attributes
                0x0000008f       0x39 Drivers/STM32F4xx_HAL_Driver/Src/stm32f4xx_hal_cortex.o
 .ARM.attributes
                0x000000c8       0x39 Drivers/STM32F4xx_HAL_Driver/Src/stm32f4xx_hal_pwr_ex.o
 .ARM.attributes
                0x00000101       0x39 Drivers/STM32F4xx_HAL_Driver/Src/stm32f4xx_hal_rcc.o
 .ARM.attributes
                0x0000013a       0x39 Src/DMA.o
 .ARM.attributes
                0x00000173       0x39 Src/GPIO.o
 .ARM.attributes
                0x000001ac       0x39 Src/Rcc.o
 .ARM.attributes
                0x000001e5       0x39 Src/Timer.o
 .ARM.attributes
                0x0000021e       0x39 Src/main.o
 .ARM.attributes
                0x00000257       0x39 Src/stm32f4xx_hal_msp.o
 .ARM.attributes
                0x00000290       0x39 Src/stm32f4xx_it.o
 .ARM.attributes
                0x000002c9       0x39 Src/system_stm32f4xx.o
 .ARM.attributes
                0x00000302       0x21 startup/startup_stm32f429xx.o
 .ARM.attributes
                0x00000323       0x34 c:/ac6/systemworkbench/plugins/fr.ac6.mcu.externaltools.arm-none.win32_1.13.2.201705091103/tools/compiler/bin/../lib/gcc/arm-none-eabi/5.4.1/../../../../arm-none-eabi/lib/armv7e-m/fpu\libc_nano.a(lib_a-init.o)
 .ARM.attributes
                0x00000357       0x22 c:/ac6/systemworkbench/plugins/fr.ac6.mcu.externaltools.arm-none.win32_1.13.2.201705091103/tools/compiler/bin/../lib/gcc/arm-none-eabi/5.4.1/armv7e-m/fpu/crtn.o
OUTPUT(Blinky.elf elf32-littlearm)

.debug_info     0x00000000     0x5882
 .debug_info    0x00000000      0x9f8 Drivers/STM32F4xx_HAL_Driver/Src/stm32f4xx_hal.o
 .debug_info    0x000009f8      0xf43 Drivers/STM32F4xx_HAL_Driver/Src/stm32f4xx_hal_cortex.o
 .debug_info    0x0000193b      0x93a Drivers/STM32F4xx_HAL_Driver/Src/stm32f4xx_hal_pwr_ex.o
 .debug_info    0x00002275      0xcff Drivers/STM32F4xx_HAL_Driver/Src/stm32f4xx_hal_rcc.o
 .debug_info    0x00002f74      0x2da Src/DMA.o
 .debug_info    0x0000324e      0x32b Src/GPIO.o
 .debug_info    0x00003579      0x32c Src/Rcc.o
 .debug_info    0x000038a5      0x61f Src/Timer.o
 .debug_info    0x00003ec4      0xebd Src/main.o
 .debug_info    0x00004d81      0x414 Src/stm32f4xx_hal_msp.o
 .debug_info    0x00005195      0x173 Src/stm32f4xx_it.o
 .debug_info    0x00005308      0x51a Src/system_stm32f4xx.o
 .debug_info    0x00005822       0x60 startup/startup_stm32f429xx.o

.debug_abbrev   0x00000000     0x1357
 .debug_abbrev  0x00000000      0x25c Drivers/STM32F4xx_HAL_Driver/Src/stm32f4xx_hal.o
 .debug_abbrev  0x0000025c      0x2fe Drivers/STM32F4xx_HAL_Driver/Src/stm32f4xx_hal_cortex.o
 .debug_abbrev  0x0000055a      0x237 Drivers/STM32F4xx_HAL_Driver/Src/stm32f4xx_hal_pwr_ex.o
 .debug_abbrev  0x00000791      0x2b0 Drivers/STM32F4xx_HAL_Driver/Src/stm32f4xx_hal_rcc.o
 .debug_abbrev  0x00000a41      0x131 Src/DMA.o
 .debug_abbrev  0x00000b72       0xff Src/GPIO.o
 .debug_abbrev  0x00000c71       0xdb Src/Rcc.o
 .debug_abbrev  0x00000d4c      0x119 Src/Timer.o
 .debug_abbrev  0x00000e65      0x24e Src/main.o
 .debug_abbrev  0x000010b3       0xc2 Src/stm32f4xx_hal_msp.o
 .debug_abbrev  0x00001175       0xcc Src/stm32f4xx_it.o
 .debug_abbrev  0x00001241      0x104 Src/system_stm32f4xx.o
 .debug_abbrev  0x00001345       0x12 startup/startup_stm32f429xx.o

.debug_loc      0x00000000     0x138a
 .debug_loc     0x00000000       0xbd Drivers/STM32F4xx_HAL_Driver/Src/stm32f4xx_hal.o
 .debug_loc     0x000000bd      0x548 Drivers/STM32F4xx_HAL_Driver/Src/stm32f4xx_hal_cortex.o
 .debug_loc     0x00000605      0x297 Drivers/STM32F4xx_HAL_Driver/Src/stm32f4xx_hal_pwr_ex.o
 .debug_loc     0x0000089c      0x622 Drivers/STM32F4xx_HAL_Driver/Src/stm32f4xx_hal_rcc.o
 .debug_loc     0x00000ebe       0xb7 Src/DMA.o
 .debug_loc     0x00000f75      0x287 Src/GPIO.o
 .debug_loc     0x000011fc       0x5c Src/Rcc.o
 .debug_loc     0x00001258      0x132 Src/system_stm32f4xx.o

.debug_aranges  0x00000000      0x4d8
 .debug_aranges
                0x00000000       0xd8 Drivers/STM32F4xx_HAL_Driver/Src/stm32f4xx_hal.o
 .debug_aranges
                0x000000d8       0xa8 Drivers/STM32F4xx_HAL_Driver/Src/stm32f4xx_hal_cortex.o
 .debug_aranges
                0x00000180       0x60 Drivers/STM32F4xx_HAL_Driver/Src/stm32f4xx_hal_pwr_ex.o
 .debug_aranges
                0x000001e0       0x88 Drivers/STM32F4xx_HAL_Driver/Src/stm32f4xx_hal_rcc.o
 .debug_aranges
                0x00000268       0x38 Src/DMA.o
 .debug_aranges
                0x000002a0       0x50 Src/GPIO.o
 .debug_aranges
                0x000002f0       0x58 Src/Rcc.o
 .debug_aranges
                0x00000348       0x68 Src/Timer.o
 .debug_aranges
                0x000003b0       0x58 Src/main.o
 .debug_aranges
                0x00000408       0x20 Src/stm32f4xx_hal_msp.o
 .debug_aranges
                0x00000428       0x60 Src/stm32f4xx_it.o
 .debug_aranges
                0x00000488       0x28 Src/system_stm32f4xx.o
 .debug_aranges
                0x000004b0       0x28 startup/startup_stm32f429xx.o

.debug_ranges   0x00000000      0x410
 .debug_ranges  0x00000000       0xc8 Drivers/STM32F4xx_HAL_Driver/Src/stm32f4xx_hal.o
 .debug_ranges  0x000000c8       0x98 Drivers/STM32F4xx_HAL_Driver/Src/stm32f4xx_hal_cortex.o
 .debug_ranges  0x00000160       0x50 Drivers/STM32F4xx_HAL_Driver/Src/stm32f4xx_hal_pwr_ex.o
 .debug_ranges  0x000001b0       0x78 Drivers/STM32F4xx_HAL_Driver/Src/stm32f4xx_hal_rcc.o
 .debug_ranges  0x00000228       0x28 Src/DMA.o
 .debug_ranges  0x00000250       0x40 Src/GPIO.o
 .debug_ranges  0x00000290       0x48 Src/Rcc.o
 .debug_ranges  0x000002d8       0x58 Src/Timer.o
 .debug_ranges  0x00000330       0x48 Src/main.o
 .debug_ranges  0x00000378       0x10 Src/stm32f4xx_hal_msp.o
 .debug_ranges  0x00000388       0x50 Src/stm32f4xx_it.o
 .debug_ranges  0x000003d8       0x18 Src/system_stm32f4xx.o
 .debug_ranges  0x000003f0       0x20 startup/startup_stm32f429xx.o

.debug_macro    0x00000000    0x22f09
 .debug_macro   0x00000000      0x34b Drivers/STM32F4xx_HAL_Driver/Src/stm32f4xx_hal.o
 .debug_macro   0x0000034b      0x898 Drivers/STM32F4xx_HAL_Driver/Src/stm32f4xx_hal.o
 .debug_macro   0x00000be3       0x10 Drivers/STM32F4xx_HAL_Driver/Src/stm32f4xx_hal.o
 .debug_macro   0x00000bf3      0x174 Drivers/STM32F4xx_HAL_Driver/Src/stm32f4xx_hal.o
 .debug_macro   0x00000d67       0x33 Drivers/STM32F4xx_HAL_Driver/Src/stm32f4xx_hal.o
 .debug_macro   0x00000d9a       0x28 Drivers/STM32F4xx_HAL_Driver/Src/stm32f4xx_hal.o
 .debug_macro   0x00000dc2       0x22 Drivers/STM32F4xx_HAL_Driver/Src/stm32f4xx_hal.o
 .debug_macro   0x00000de4       0x87 Drivers/STM32F4xx_HAL_Driver/Src/stm32f4xx_hal.o
 .debug_macro   0x00000e6b       0x44 Drivers/STM32F4xx_HAL_Driver/Src/stm32f4xx_hal.o
 .debug_macro   0x00000eaf       0xfd Drivers/STM32F4xx_HAL_Driver/Src/stm32f4xx_hal.o
 .debug_macro   0x00000fac       0x5e Drivers/STM32F4xx_HAL_Driver/Src/stm32f4xx_hal.o
 .debug_macro   0x0000100a      0x1df Drivers/STM32F4xx_HAL_Driver/Src/stm32f4xx_hal.o
 .debug_macro   0x000011e9       0x35 Drivers/STM32F4xx_HAL_Driver/Src/stm32f4xx_hal.o
 .debug_macro   0x0000121e       0x50 Drivers/STM32F4xx_HAL_Driver/Src/stm32f4xx_hal.o
 .debug_macro   0x0000126e      0xe66 Drivers/STM32F4xx_HAL_Driver/Src/stm32f4xx_hal.o
 .debug_macro   0x000020d4    0x17f45 Drivers/STM32F4xx_HAL_Driver/Src/stm32f4xx_hal.o
 .debug_macro   0x0001a019       0x43 Drivers/STM32F4xx_HAL_Driver/Src/stm32f4xx_hal.o
 .debug_macro   0x0001a05c     0x35e4 Drivers/STM32F4xx_HAL_Driver/Src/stm32f4xx_hal.o
 .debug_macro   0x0001d640       0x52 Drivers/STM32F4xx_HAL_Driver/Src/stm32f4xx_hal.o
 .debug_macro   0x0001d692       0x35 Drivers/STM32F4xx_HAL_Driver/Src/stm32f4xx_hal.o
 .debug_macro   0x0001d6c7       0x9c Drivers/STM32F4xx_HAL_Driver/Src/stm32f4xx_hal.o
 .debug_macro   0x0001d763       0x16 Drivers/STM32F4xx_HAL_Driver/Src/stm32f4xx_hal.o
 .debug_macro   0x0001d779       0x97 Drivers/STM32F4xx_HAL_Driver/Src/stm32f4xx_hal.o
 .debug_macro   0x0001d810      0x30d Drivers/STM32F4xx_HAL_Driver/Src/stm32f4xx_hal.o
 .debug_macro   0x0001db1d       0xfd Drivers/STM32F4xx_HAL_Driver/Src/stm32f4xx_hal.o
 .debug_macro   0x0001dc1a       0x10 Drivers/STM32F4xx_HAL_Driver/Src/stm32f4xx_hal.o
 .debug_macro   0x0001dc2a       0x52 Drivers/STM32F4xx_HAL_Driver/Src/stm32f4xx_hal.o
 .debug_macro   0x0001dc7c       0x1f Drivers/STM32F4xx_HAL_Driver/Src/stm32f4xx_hal.o
 .debug_macro   0x0001dc9b       0x43 Drivers/STM32F4xx_HAL_Driver/Src/stm32f4xx_hal.o
 .debug_macro   0x0001dcde       0x20 Drivers/STM32F4xx_HAL_Driver/Src/stm32f4xx_hal.o
 .debug_macro   0x0001dcfe      0x187 Drivers/STM32F4xx_HAL_Driver/Src/stm32f4xx_hal.o
 .debug_macro   0x0001de85       0x10 Drivers/STM32F4xx_HAL_Driver/Src/stm32f4xx_hal.o
 .debug_macro   0x0001de95       0x1c Drivers/STM32F4xx_HAL_Driver/Src/stm32f4xx_hal.o
 .debug_macro   0x0001deb1       0x52 Drivers/STM32F4xx_HAL_Driver/Src/stm32f4xx_hal.o
 .debug_macro   0x0001df03       0x40 Drivers/STM32F4xx_HAL_Driver/Src/stm32f4xx_hal.o
 .debug_macro   0x0001df43       0x10 Drivers/STM32F4xx_HAL_Driver/Src/stm32f4xx_hal.o
 .debug_macro   0x0001df53       0x40 Drivers/STM32F4xx_HAL_Driver/Src/stm32f4xx_hal.o
 .debug_macro   0x0001df93       0xd7 Drivers/STM32F4xx_HAL_Driver/Src/stm32f4xx_hal.o
 .debug_macro   0x0001e06a       0x16 Drivers/STM32F4xx_HAL_Driver/Src/stm32f4xx_hal.o
 .debug_macro   0x0001e080      0x18b Drivers/STM32F4xx_HAL_Driver/Src/stm32f4xx_hal.o
 .debug_macro   0x0001e20b       0x50 Drivers/STM32F4xx_HAL_Driver/Src/stm32f4xx_hal.o
 .debug_macro   0x0001e25b      0xca5 Drivers/STM32F4xx_HAL_Driver/Src/stm32f4xx_hal.o
 .debug_macro   0x0001ef00      0x9e1 Drivers/STM32F4xx_HAL_Driver/Src/stm32f4xx_hal.o
 .debug_macro   0x0001f8e1      0x11e Drivers/STM32F4xx_HAL_Driver/Src/stm32f4xx_hal.o
 .debug_macro   0x0001f9ff      0x161 Drivers/STM32F4xx_HAL_Driver/Src/stm32f4xx_hal.o
 .debug_macro   0x0001fb60       0x27 Drivers/STM32F4xx_HAL_Driver/Src/stm32f4xx_hal.o
 .debug_macro   0x0001fb87      0x287 Drivers/STM32F4xx_HAL_Driver/Src/stm32f4xx_hal.o
 .debug_macro   0x0001fe0e       0x5f Drivers/STM32F4xx_HAL_Driver/Src/stm32f4xx_hal.o
 .debug_macro   0x0001fe6d      0x23a Drivers/STM32F4xx_HAL_Driver/Src/stm32f4xx_hal.o
 .debug_macro   0x000200a7      0x13a Drivers/STM32F4xx_HAL_Driver/Src/stm32f4xx_hal.o
 .debug_macro   0x000201e1      0x41d Drivers/STM32F4xx_HAL_Driver/Src/stm32f4xx_hal.o
 .debug_macro   0x000205fe       0x2e Drivers/STM32F4xx_HAL_Driver/Src/stm32f4xx_hal.o
 .debug_macro   0x0002062c      0x11e Drivers/STM32F4xx_HAL_Driver/Src/stm32f4xx_hal.o
 .debug_macro   0x0002074a       0xe2 Drivers/STM32F4xx_HAL_Driver/Src/stm32f4xx_hal.o
 .debug_macro   0x0002082c       0x89 Drivers/STM32F4xx_HAL_Driver/Src/stm32f4xx_hal.o
 .debug_macro   0x000208b5      0x12c Drivers/STM32F4xx_HAL_Driver/Src/stm32f4xx_hal.o
 .debug_macro   0x000209e1      0x2eb Drivers/STM32F4xx_HAL_Driver/Src/stm32f4xx_hal_cortex.o
 .debug_macro   0x00020ccc      0x303 Drivers/STM32F4xx_HAL_Driver/Src/stm32f4xx_hal_pwr_ex.o
 .debug_macro   0x00020fcf      0x315 Drivers/STM32F4xx_HAL_Driver/Src/stm32f4xx_hal_rcc.o
 .debug_macro   0x000212e4      0x324 Src/DMA.o
 .debug_macro   0x00021608       0x16 Src/DMA.o
 .debug_macro   0x0002161e       0x6a Src/DMA.o
 .debug_macro   0x00021688       0xac Src/DMA.o
 .debug_macro   0x00021734       0x3b Src/DMA.o
 .debug_macro   0x0002176f       0xee Src/DMA.o
 .debug_macro   0x0002185d      0x12a Src/DMA.o
 .debug_macro   0x00021987       0x72 Src/GPIO.o
 .debug_macro   0x000219f9      0x154 Src/GPIO.o
 .debug_macro   0x00021b4d       0x7b Src/Rcc.o
 .debug_macro   0x00021bc8      0x315 Src/Timer.o
 .debug_macro   0x00021edd      0x3ce Src/main.o
 .debug_macro   0x000222ab       0x16 Src/main.o
 .debug_macro   0x000222c1       0x16 Src/main.o
 .debug_macro   0x000222d7       0x29 Src/main.o
 .debug_macro   0x00022300       0xf4 Src/main.o
 .debug_macro   0x000223f4       0x5e Src/main.o
 .debug_macro   0x00022452       0x40 Src/main.o
 .debug_macro   0x00022492       0x34 Src/main.o
 .debug_macro   0x000224c6       0x6a Src/main.o
 .debug_macro   0x00022530       0x88 Src/main.o
 .debug_macro   0x000225b8       0x28 Src/main.o
 .debug_macro   0x000225e0       0x58 Src/main.o
 .debug_macro   0x00022638      0x2eb Src/stm32f4xx_hal_msp.o
 .debug_macro   0x00022923      0x2f5 Src/stm32f4xx_it.o
 .debug_macro   0x00022c18      0x2f1 Src/system_stm32f4xx.o

.debug_line     0x00000000     0x58c5
 .debug_line    0x00000000      0x8d6 Drivers/STM32F4xx_HAL_Driver/Src/stm32f4xx_hal.o
 .debug_line    0x000008d6      0x903 Drivers/STM32F4xx_HAL_Driver/Src/stm32f4xx_hal_cortex.o
 .debug_line    0x000011d9      0x860 Drivers/STM32F4xx_HAL_Driver/Src/stm32f4xx_hal_pwr_ex.o
 .debug_line    0x00001a39      0xa23 Drivers/STM32F4xx_HAL_Driver/Src/stm32f4xx_hal_rcc.o
 .debug_line    0x0000245c      0x76f Src/DMA.o
 .debug_line    0x00002bcb      0x361 Src/GPIO.o
 .debug_line    0x00002f2c      0x369 Src/Rcc.o
 .debug_line    0x00003295      0x7d6 Src/Timer.o
 .debug_line    0x00003a6b      0x83c Src/main.o
 .debug_line    0x000042a7      0x6fc Src/stm32f4xx_hal_msp.o
 .debug_line    0x000049a3      0x784 Src/stm32f4xx_it.o
 .debug_line    0x00005127      0x71f Src/system_stm32f4xx.o
 .debug_line    0x00005846       0x7f startup/startup_stm32f429xx.o

.debug_str      0x00000000    0xca11b
 .debug_str     0x00000000    0xc7495 Drivers/STM32F4xx_HAL_Driver/Src/stm32f4xx_hal.o
                              0xc781b (size before relaxing)
 .debug_str     0x000c7495      0x3bd Drivers/STM32F4xx_HAL_Driver/Src/stm32f4xx_hal_cortex.o
                              0xc7595 (size before relaxing)
 .debug_str     0x000c7852      0x154 Drivers/STM32F4xx_HAL_Driver/Src/stm32f4xx_hal_pwr_ex.o
                              0xc6ea7 (size before relaxing)
 .debug_str     0x000c79a6      0x3fb Drivers/STM32F4xx_HAL_Driver/Src/stm32f4xx_hal_rcc.o
                              0xc70d4 (size before relaxing)
 .debug_str     0x000c7da1      0xde7 Src/DMA.o
                              0xc789a (size before relaxing)
 .debug_str     0x000c8b88      0x5c7 Src/GPIO.o
                               0x39cd (size before relaxing)
 .debug_str     0x000c914f       0xdd Src/Rcc.o
                               0x3745 (size before relaxing)
 .debug_str     0x000c922c       0xe3 Src/Timer.o
                              0xc7803 (size before relaxing)
 .debug_str     0x000c930f      0xcef Src/main.o
                              0xc9383 (size before relaxing)
 .debug_str     0x000c9ffe       0x1b Src/stm32f4xx_hal_msp.o
                              0xc704a (size before relaxing)
 .debug_str     0x000ca019       0xa8 Src/stm32f4xx_it.o
                              0xc6b7a (size before relaxing)
 .debug_str     0x000ca0c1       0x5a Src/system_stm32f4xx.o
                              0xc6cbf (size before relaxing)

.comment        0x00000000       0x6e
 .comment       0x00000000       0x6e Drivers/STM32F4xx_HAL_Driver/Src/stm32f4xx_hal.o
                                 0x6f (size before relaxing)
 .comment       0x0000006e       0x6f Drivers/STM32F4xx_HAL_Driver/Src/stm32f4xx_hal_cortex.o
 .comment       0x0000006e       0x6f Drivers/STM32F4xx_HAL_Driver/Src/stm32f4xx_hal_pwr_ex.o
 .comment       0x0000006e       0x6f Drivers/STM32F4xx_HAL_Driver/Src/stm32f4xx_hal_rcc.o
 .comment       0x0000006e       0x6f Src/DMA.o
 .comment       0x0000006e       0x6f Src/GPIO.o
 .comment       0x0000006e       0x6f Src/Rcc.o
 .comment       0x0000006e       0x6f Src/Timer.o
 .comment       0x0000006e       0x6f Src/main.o
 .comment       0x0000006e       0x6f Src/stm32f4xx_hal_msp.o
 .comment       0x0000006e       0x6f Src/stm32f4xx_it.o
 .comment       0x0000006e       0x6f Src/system_stm32f4xx.o

.debug_frame    0x00000000      0x9b4
 .debug_frame   0x00000000      0x1b8 Drivers/STM32F4xx_HAL_Driver/Src/stm32f4xx_hal.o
 .debug_frame   0x000001b8      0x154 Drivers/STM32F4xx_HAL_Driver/Src/stm32f4xx_hal_cortex.o
 .debug_frame   0x0000030c       0xe8 Drivers/STM32F4xx_HAL_Driver/Src/stm32f4xx_hal_pwr_ex.o
 .debug_frame   0x000003f4      0x150 Drivers/STM32F4xx_HAL_Driver/Src/stm32f4xx_hal_rcc.o
 .debug_frame   0x00000544       0x68 Src/DMA.o
 .debug_frame   0x000005ac       0xa4 Src/GPIO.o
 .debug_frame   0x00000650       0x90 Src/Rcc.o
 .debug_frame   0x000006e0       0xe8 Src/Timer.o
 .debug_frame   0x000007c8       0xc0 Src/main.o
 .debug_frame   0x00000888       0x28 Src/stm32f4xx_hal_msp.o
 .debug_frame   0x000008b0       0xa8 Src/stm32f4xx_it.o
 .debug_frame   0x00000958       0x30 Src/system_stm32f4xx.o
 .debug_frame   0x00000988       0x2c c:/ac6/systemworkbench/plugins/fr.ac6.mcu.externaltools.arm-none.win32_1.13.2.201705091103/tools/compiler/bin/../lib/gcc/arm-none-eabi/5.4.1/../../../../arm-none-eabi/lib/armv7e-m/fpu\libc_nano.a(lib_a-init.o)
